error: expected `struct`
 --> tests/ui/compile_fail/mutator_fails_if_not_applied_to_struct.rs:6:1
  |
6 | enum SomeEnum{
  | ^^^^
